# 5'-AAA-3'
#    |||-->
# 5'-AAA................-3' # (+)
# 3'-................AAA-5' # (-)
#                 <--|||
#                 3'-TTT-5'
#
