# 5'-TCAG-3'
#    ||||-->
# 5'-TCAG..GTACGT........................-3' # (+)
# 3'-................................CTAG-5' # (-)
#          ||||||                 <--||||
#       5'-GTACGT-3'              3'-CTAG-5'
# probe "probe" (+) pos=6 mm=0 site=GTACGT fwd_mm=0@[] rev_mm=0@[]
#
