# 5'-ACGT-3'
#    ||||-->
# 5'-ACGT......................-3' # (+)
# 3'-......................TGCA-5' # (-)
#                       <--||||
#                       3'-TGCA-5'
#
